build 0
PASS  1 candidate 0 · 빈 상태 문구
PASS  2 candidate 1 (단계 공개) · 닫힘 → 이유 → 선택
PASS  3 candidate 3 · 카드 3 · 모두 닫힘
PASS  4 nearby 있음(서버가 모르는 거리 필드를 보내도 화면이 만들지 않음) · 거리 표시 0(서버 계약 미확정 · 확인 불가)
PASS  5 nearby 없음 · 거리 문구 0
PASS  6 YES → 대기 · choose=yes 전송 · 대기 표시
PASS  7 NO · choose=no
PASS  8 HIDE · choose=hide
PASS  9 선택 후 대기(다시 열어도 유지) · 서버 waiting 그대로
PASS 10 mutual (서버가 mutual 이라고 답할 때만) · ZZARIT · 상대 정보 0
PASS 11 connection (서버 match_id 로 이동) · #match-aaaaaaaa 포커스
PASS 12 first question · 안내 + 서버 질문
PASS 13 A answer (동의 → 답) · 답 전송 · 상대 정보 0
PASS 14 B answer 상태(상대만 답함) · 상대가 답해도 내 답 전엔 비공개
PASS 15 profile reveal(둘 다 답한 뒤 서버 revealed) · 서버 revealed 뒤 공개
PASS 16 chat · 보내기 → 목록
PASS 17 leave · leave block=false report=false
PASS 18 block · leave block=true report=false
PASS 19 report(사유 고르기 · 차단 기본 함께 · 2026-10-02) · leave block=true report=true
PASS 20 error → 다시 확인하기 · 오류 → 재시도 성공
PASS 21 retry(보내기 실패 시 적은 말 유지) · 실패 → 초안 유지 → 재시도
PASS 22 network slow(3초) · 로딩 문구 → 도착
PASS 23 reload · 서버 상태로 복원
PASS 24 browser back · 연결 → 뒤로 → 홈
PASS 25 360px · 가로 넘침 0 · 버튼 높이 55px
PASS 26 Galaxy Flip viewport(360×880) · 가로 넘침 0 · 버튼 높이 55px
PASS 27 iPhone viewport(390×844) · 가로 넘침 0 · 버튼 높이 55px
PASS 28 PWA-style first launch · 네이비 + E 시작 그림
PASS 30 back guard: 폰 뒤로 → 직전 답 고치기 → 서버 재계산 질문 · 뒤로 → 직전 답 편집 → correction 전송 → 서버 새 질문
PASS 31 via_mutual=true: 먼저 고른 사람도 ZZARIT 한 번 → 서로 골랐다는 문구 · 서버 via_mutual=true → 문구 1
PASS 32 via_mutual 없음/false: 관리자 연결·예전 서버는 문구 0 · 문구 0
PASS 33 FI-018 서버 readiness: 대화 마침 + 사진 부족 → 다음 할 일 = 사진 · 다섯 가지 질문 0 · 대화 마침 · 사진 2/3 · 다음 할 일 사진
PASS 34 FI-018 서버 readiness: 대화 준비 미완료 → 다음 할 일 = 대화 이어가기(숫자 대신 「조금 더」) · 대화 칸 미완료 · 대화 이어가기
PASS 35 서버 readiness: 목적 없음 → 다음 할 일 = 원하는 만남 고르기(「모두 마쳤어요」 0) · 목적 없음 · 만남 고르기
PASS 36 서버 readiness: 모두 갖춤 + eligible → 「모두 마쳤어요」 · 자격 · 완료 문구
PASS 42 P1·P23 FRAME: 한 문장 → 틀 안의 실제 사진(꽉 찬 사진 아님) → 이름·단서 · 문장→사진(234×292)→이름
PASS 43 P7·P8·P21 FILM: 처음 한 번만 · 다시 열면 바로 · 처음 장면 진입 · 다시 열면 정지 상태
PASS 44 P9 reduced motion: 장면 진입 = 단순 흐려짐 없는 페이드 · none,none
PASS 45 P11·P24 느린 사진(3초): 자리 먼저 잡음 · 밀림 0 · 높이 292 고정
PASS 46 P12 사진 실패: 빈 틀 + ECHO 심볼 + 다시 불러오기(서버에서 새 주소) · 빈 틀 · 서버 재요청
PASS 47 P3·SECURITY 공개 전: 상대 사진 요청 0 · DOM 사진/주소 0 · 사진 요청 0 · 주소 0 · 틀 0
PASS 48 P13·P15·P17 320px · 긴 한국어 소개 넘침 0 · 넘침 0 · 긴 문장은 「…」로 줄이고 나머지는 아래에
PASS 49 P13·P15·P17 430px · 긴 한국어 소개 넘침 0 · 넘침 0 · 긴 문장은 「…」로 줄이고 나머지는 아래에
PASS 50 ZZARIT 은 한 번만: 서버 mutual → 보임 · 새로고침·재진입 0 · 1회 · 새로고침 0
PASS 51 ZZARIT 전류 0.6~0.9초 한 번 → 정지 · 연결선 은은하게 남음(.45) · 버튼 포커스 · 실행 중 1 → 1.5초 뒤 0 · 연결선 0.45
PASS 52 ZZARIT 움직임 줄이기: 처음부터 정지 화면 · 진동 0 · 움직임 0 · 진동 0 · 글자 바로 보임
PASS 53 ZZARIT 320px: 넘침 0 · 버튼 화면 안 · 넘침 0 · 버튼 55px
PASS 54 ZZARIT 360px: 넘침 0 · 버튼 화면 안 · 넘침 0 · 버튼 55px
PASS 55 ZZARIT 430px: 넘침 0 · 버튼 화면 안 · 넘침 0 · 버튼 55px
PASS 56 SAFETY 후보 신고 3번: 불편해요 → 신고할게요 → 사유 · 서버가 접수했다고 할 때만 「접수했어요」 · choose hide+block+threat · 접수했어요
PASS 57 SAFETY 후보 차단 2번 · 예전 서버(저장 확인 없음)면 「접수·차단했어요」 말하지 않음 · 서버 확인 없으면 숨김만 말함
PASS 58 SAFETY 연결 신고 3번: 그만하기 → 신고할게요 → 사유 · 접수했어요 · 끝난 연결 · leave block+report+scam · 끝난 연결
PASS 59 만나기 전 안내: 「약속했어요」 고른 뒤에만 · 선택 뒤 4줄
PASS 60 이용 안내(설정 #guide · 새 탭·주소용): 9항목 · 320px 넘침 0 · 9항목 · 바로 그 자리(top 72)
PASS 61 SAFETY 320px: 신고 사유 줄 넘침 0 · 버튼 44px · 넘침 0
PASS 62 SAFETY 430px: 신고 사유 줄 넘침 0 · 버튼 44px · 넘침 0
PASS 63 SAFETY 신고만(차단 체크 해제): block=false · 접수했어요 · 「차단했어요」 0 · block=false · 접수만
PASS 64 SAFETY 저장 실패(500): 「접수했어요」·「차단했어요」 0 · 다시 누를 수 있음 · 실패 안내만
PASS 65 SAFETY 연결 신고 저장 실패: 끝남·접수 거짓 표시 0 · 실패 안내 · 연결 유지
PASS 66 만나기 전 안전 안내: 이야기 화면에서 「약속했어요」 없이도 열림 · 이야기 화면에서 열림
PASS 37 구조대 기본: 주관식 본체 · 보기 0 → 잘 모르겠어요 → 보기 3 · 눌러도 안 넘어감 · 보내면 choice · 본체 주관식 · 보기 3 · 고른 표시 · 보내기 = choice
PASS 38 「직접 설명할게요」 = 보기 접고 주관식(입력칸 초점) · 적으면 고른 보기 풀림 · 보기 접힘 · 입력칸 초점 · 주관식 전송(choice 0)
PASS 39 보기를 못 만들면 안전 안내(직접 설명할게요 / 잘 모르겠어요 / 이 질문은 넘어갈게요) · fallback 3 버튼 · 넘기기 = SKIP 전송(choice 0)
PASS 40 뒤로 = 직전 질문 · 고른 보기 · 보기 목록 복원(Q11) · 질문·고른 보기·목록 복원 · 바꾼 보기 = 정정
PASS 41 Q15 넘침 0(320~430px) · 보기 4개 긴 글자 · 누름 높이 44+ · 넘침 0 · 320/360/375/390/414/430px
PASS 42 MEET 꺼짐(지금 실서버 503) = 구간 0 · 기존 이야기 화면 그대로 · 그리지 않음 · 요청 1회
PASS 43 MEET unavailable · 그리지 않음
PASS 44 MEET need_video · 안내 문장만 · 버튼 0(영상 연결 전)
PASS 45 MEET 번호 없는 지금 계약 = 확인 버튼 0 · 버튼 0
PASS 46 MEET 모습 확인 → 만남 의사 → 기다림(번호는 보내기만 · 화면 글자 0) · 확인 → 의사 → 기다림
PASS 47 MEET 조금 더 생각할게요 = 저장 0 · 다시 보기 · 저장 0
PASS 48 MEET 둘 다 원함(allowed) = 약속 안내 + 안전 안내 · 보증 표현 0 · 약속 안내 · 안전 안내
PASS 50 MEET 그사이 상태가 바뀜(STATE_CHANGED) → 다시 읽어 서버 상태대로 · 저장 0 · 다시 읽기 → 이유 없이 닫힘
PASS 51 MEET 켜졌는데 읽기 실패 = 「불러오지 못했어요 · 다시 불러오기」 → 다시 읽으면 서버 상태대로 · 안내 → 다시 불러오기 → 정상
PASS 52 MEET 영상 이용 동의 없음 → 동의 안내만(버튼 0) · 동의는 영상 칸만 바꿈 · 공개 동의 그대로 · 저절로 확인·의사 보내기 0 · 동의 → 영상 칸만 → 다시 읽기
PASS 53 MEET 영상 이용 동의 거두기 = 영상 칸만 지움 · 다시 동의 안내 · 거두기 → 안내
PASS 54 MEET 「지금은 어려움」 + 이미 동의 = 이유 0 · 거두기 버튼만 · 거두기만
PASS 55 MEET 꺼짐인데 남은 영상 동의 있음 = 거두기 버튼만(다른 단계 0) → 거두면 영상 칸만 지움 · 꺼짐에서도 거두기
PASS 56 MEET 불러오기 실패 + 남은 영상 동의 = 실패 안내 + 다시 불러오기 + 거두기 · 실패에서도 거두기
PASS 49 MEET 360px 넘침 0 · 넘침 0
PASS 29 회귀: 로그인 Google G + 「Google로 시작하기」 · 4색 G
PASS 80 모바일 기준 디자인 캡처 /doit/start-journey (로그인 전) · 넘침 0 · /doit/conversation?from=journey
PASS 81 모바일 기준 디자인 캡처 /login (로그인 전) · 넘침 0 · /login
PASS 82 모바일 기준 디자인 캡처 /doit/start-journey (목적 없음) · 넘침 0 · /doit/conversation?from=journey
PASS 70 이용 안내: 메뉴 → 그 자리에 열림 → 항목 펼침 → 폰 뒤로·닫기·Esc → 적던 글·주소 그대로 · 그 자리 열림 · 뒤로/닫기/Esc 모두 창만 닫힘 · 글 그대로 · 이어 쓰기
PASS 71 기능 옆 도움말: 확인 단계 처음 한 번 → 닫기 → 「이 기능이 궁금해요」 → 「확인하기」 항목이 펼쳐진 채 열림 · 처음 한 번 · 닫은 뒤 링크 · 해당 항목으로 열림
PASS 74 기능 옆 도움말 초점: 「자세히 보기」 → 안내 → Esc 뒤 초점은 남은 「이 기능이 궁금해요」 · 「닫기」 뒤에도 같은 링크 · 자세히 보기·닫기 모두 초점이 남은 링크로
PASS 72 이용 안내 320px: 넘침 0 · 닫기 44px · 움직임 줄이기면 애니메이션 0 · {"over":0,"close":44,"anim":0,"sw":0}
PASS 73 이용 안내 430px: 넘침 0 · 닫기 44px · 움직임 줄이기면 애니메이션 0 · {"over":0,"close":44,"anim":0,"sw":0}

TOTAL 89 · PASS 89 · FAIL 0
flow 0
