✔ qa/account-delete.test.mjs (616.748929ms)
✔ qa/admin-checklist.test.mjs (42.994915ms)
✔ qa/admin-conversation-logs.test.mjs (67.691894ms)
✔ qa/admin-dashboard-contract.test.mjs (399.641534ms)
✔ qa/admin-pipeline.test.mjs (391.017331ms)
✔ qa/admin-today-20261002.test.mjs (304.111587ms)
✔ qa/admin-web-server.test.mjs (1407.090223ms)
✔ qa/admin-web-ui.test.mjs (58.079124ms)
✔ qa/agent-client.test.mjs (406.702511ms)
✔ qa/agent-match-source.test.mjs (508.709623ms)
✔ qa/agent-os.test.mjs (460.718623ms)
✔ qa/agent-server.test.mjs (47722.812758ms)
✔ qa/agent-v245-readiness.test.mjs (506.365883ms)
✔ qa/ai-trust-microcopy.test.mjs (61.426685ms)
✔ qa/app-corner-menu.test.mjs (42.706167ms)
✔ qa/app-entry.test.mjs (58.640201ms)
✔ qa/app-icon.test.mjs (50.345109ms)
✔ qa/app-meta.test.mjs (45.164094ms)
✔ qa/app-root-product.test.mjs (48.688922ms)
✔ qa/background-lock-20261001.test.mjs (57.216484ms)
✔ qa/brand-home.test.mjs (56.077355ms)
✔ qa/brand-origin-guard.test.mjs (50.652413ms)
✔ qa/companion-rules.test.mjs (983.482748ms)
✔ qa/connect-isolation-20261002.test.mjs (1291.240064ms)
✔ qa/connect-server.test.mjs (9514.76244ms)
✔ qa/conversation-continuity.test.mjs (11674.753368ms)
✔ qa/conversation-pastel.test.mjs (48.909096ms)
✔ qa/conversation-rules.test.mjs (303.409716ms)
✔ qa/conversation-v15.test.mjs (11565.900429ms)
✔ qa/conversation-v16.test.mjs (4619.225602ms)
✔ qa/core-conversation-contract.test.mjs (411.394548ms)
✔ qa/core-conversation-question-state.test.mjs (1709.793312ms)
✔ qa/core-preservation.test.mjs (490.888447ms)
✔ qa/correction-first-question.test.mjs (5784.493141ms)
✔ qa/cross-slot-correction.test.mjs (543.481927ms)
✔ qa/css-sanity.test.mjs (68.643716ms)
✔ qa/failure-intelligence-contract.test.mjs (298.138335ms)
✔ qa/fi018-agent-matching-contract.test.mjs (509.523165ms)
✔ qa/flow-safety-20261001.test.mjs (291.899683ms)
✔ qa/fortune-pastel-20261001.test.mjs (54.300379ms)
✔ qa/full-flow-edge-simulation.test.mjs (1541.969706ms)
✔ qa/full-journey-1to7.test.mjs (7296.99587ms)
✔ qa/grounded-fallback.test.mjs (633.663755ms)
✔ qa/human-mirror-v250.test.mjs (50.867332ms)
✔ qa/human-mirror-v254.test.mjs (519.475098ms)
✔ qa/human-ux-20260926.test.mjs (323.202004ms)
✔ qa/install-app.test.mjs (293.883638ms)
✔ qa/intro-draft.test.mjs (340.145708ms)
✔ qa/intro-symbol.test.mjs (311.404952ms)
✔ qa/launch-google-0930.test.mjs (45.604099ms)
✔ qa/legal-consent.test.mjs (377.786717ms)
✔ qa/matching-contract.test.mjs (313.692011ms)
✔ qa/mvp-final-20260926.test.mjs (463.15943ms)
✔ qa/mvp-loop-20260928.test.mjs (47.97749ms)
✔ qa/oauth-guard-exit.test.mjs (43.501345ms)
✔ qa/p0-20260928-realstate.test.mjs (109.740588ms)
✔ qa/p0-6-matching.test.mjs (497.606386ms)
✔ qa/p0-release-blockers.test.mjs (448.043885ms)
✔ qa/passkey.test.mjs (427.183786ms)
✔ qa/phone-connect-screens.test.mjs (410.755433ms)
✔ qa/photo-policy.test.mjs (336.791841ms)
✔ qa/post-ui-20261001.test.mjs (55.018943ms)
✔ qa/primary-cta-20261001.test.mjs (46.494837ms)
✔ qa/profile-frame-20261001.test.mjs (269.153748ms)
✔ qa/profile-photo-contract.test.mjs (571.729508ms)
✔ qa/pwa-product-entry.test.mjs (41.060692ms)
✔ qa/question-context.test.ts (93.014977ms)
✔ qa/question-rescue-20261001.test.mjs (492.162281ms)
✔ qa/question-salvage.test.mjs (579.279495ms)
✔ qa/recent-photo-contract.test.mjs (493.815308ms)
✔ qa/reject-with-value-correction.test.mjs (498.304518ms)
✔ qa/rejected-key-overblock.test.mjs (456.788427ms)
✔ qa/reply-relevance.test.mjs (905.416239ms)
✔ qa/saju-engine.test.mjs (341.729129ms)
✔ qa/save-controllers.test.ts (94.945567ms)
✔ qa/save-first-dialog.test.mjs (62.455093ms)
✔ qa/scene3-rejection-chain.test.mjs (452.805662ms)
✔ qa/server-conversation-flow.test.mjs (88071.414347ms)
✔ qa/session-storage.test.mjs (287.755833ms)
✔ qa/step7-contract.test.mjs (50.360235ms)
✔ qa/stored-question-visible.test.mjs (377.341395ms)
✔ qa/stress-messy-inputs.test.mjs (5515.209245ms)
✔ qa/uiux-final-close-20261001.test.mjs (44.596061ms)
✔ qa/ux-matching-20260930.test.mjs (44.905757ms)
✔ qa/ux-writing.test.mjs (47.751781ms)
✔ qa/voice-input.test.mjs (289.36563ms)
✔ qa/voice-lite-p0.test.mjs (456.082112ms)
ℹ tests 87
ℹ suites 0
ℹ pass 87
ℹ fail 0
ℹ cancelled 0
ℹ skipped 0
ℹ todo 0
ℹ duration_ms 219031.302705
